// Jest Snapshot v1, https://goo.gl/fbAQLP

exports[`ShowProduct component should match snapshot 1`] = `
<DocumentFragment>
  <div
    class="ProductContainer"
  >
    <div>
      Product: 
      <span>
        Product 1
      </span>
    </div>
    <div>
      Price: 
      <span>
        $$9.99
      </span>
    </div>
  </div>
</DocumentFragment>
`;
